
***** SymSpice --- v2.4.0.0528 *****

Job started at	15.03.25   14/02/2026.

Loading file: 'E:\Symica Free\share\spice.ini'. Please wait...       (15:03:25)
Loading file: 'E:\WORCK\LR_2_SH\simulation\tb_cnt_grey\netlistLR_2_SH_NID'. Please wait...                                                           (15:03:25)
Loading file: 'E:\Symica Free\lib\models\mos.lib'. Please wait...    (15:03:25)
Loading file: 'E:\WORCK\LR_2_SH\simulation\tb_cnt_grey\netlistLR_2_SH_NID'. Please wait...                                                           (15:03:25)

Netlist summary (root)                                              (15:03:25)

  Nodes   	53
  Elements	123
  _warning_: Multithreading is not available in Free Edition. "multithread" set to 1

Multithreading
	Number of used threads		: 1
	Maximum number of threads	: 12

Start creating models...


Circuit summary
	Equations : 55
	Elements  : 123

	Type info
	      Vdc : 1    
	   Vpulse : 2    
	Capacitor : 6     (part types : 1)
	    BSIM3 : 114   (part types : 2)

Total time of model creation: 1s  (CPU time 0.032s).

SymProbe interprocess communication initialization... DONE
SymProbe run... DONE
SymProbe setup connection... DONE
----------------------------------------------

Simulation started:	15.03.26   14/02/2026.

Parameter values:
	start = 0 s
	outputstart = 0 s
	stop = 4.5e-007 s
	step = 4.5e-010 s
	maxstep = 1e-010 s
	skipdc = no
	reltol = 0.001
	abstol(I) = 1e-012
	abstol(V) = 1e-006
	temp = 27 C
	tnom = 27 C
	method = trap
	lteratio = 3.5
	gmin = 1e-012
	fast_spice = 0

Operating point calculation started...
Total time required for op. point calculation 0s  (CPU time 0.005s).

Transient analysis started...

tran: time = 0s.                                                     (15:03:26)
tran: time = 4.5e-008s.                                              (15:03:26)
tran: time = 9e-008s.                                                (15:03:26)
tran: time = 1.35e-007s.                                             (15:03:26)
tran: time = 1.8e-007s.                                              (15:03:26)
tran: time = 2.25e-007s.                                             (15:03:26)
tran: time = 2.7e-007s.                                              (15:03:27)
tran: time = 3.15e-007s.                                             (15:03:27)
tran: time = 3.6e-007s.                                              (15:03:27)
tran: time = 4.05e-007s.                                             (15:03:27)
tran: time = 4.5e-007s.                                              (15:03:27)
Number of tran steps = 5672

Simulation finished:	15.03.27   14/02/2026.

Simulation time summary:
Operating point = 0s  (CPU time 0.005s)
Transient analysis = 1s  (CPU time 1.365s)


Job ended at	15.03.27   14/02/2026.

Job time summary:
Total time used = 2s  (CPU time 2.093s)
