
***** SymSpice --- v2.4.0.0528 *****

Job started at	14.40.31   14/02/2026.

Loading file: 'E:\Symica Free\share\spice.ini'. Please wait...       (14:40:32)
Loading file: 'E:\WORCK\LR_2_SH\simulation\tb_sh_dedh\netlistLR_2_SH_NID'. Please wait...                                                            (14:40:32)
Loading file: 'E:\Symica Free\lib\models\mos.lib'. Please wait...    (14:40:32)
Loading file: 'E:\WORCK\LR_2_SH\simulation\tb_sh_dedh\netlistLR_2_SH_NID'. Please wait...                                                            (14:40:32)

Netlist summary (root)                                              (14:40:32)

  Nodes   	67
  Elements	131
  _warning_: unknown viewpoint 'OUT_3'
  _warning_: Multithreading is not available in Free Edition. "multithread" set to 1

Multithreading
	Number of used threads		: 1
	Maximum number of threads	: 12

Start creating models...


Circuit summary
	Equations : 70
	Elements  : 131

	Type info
	      Vdc : 1    
	   Vpulse : 3    
	Capacitor : 3     (part types : 1)
	    BSIM3 : 124   (part types : 2)

Total time of model creation: 0s  (CPU time 0.041s).

SymProbe interprocess communication initialization... DONE
SymProbe run... DONE
SymProbe setup connection... DONE
----------------------------------------------

Simulation started:	14.40.32   14/02/2026.

Parameter values:
	start = 0 s
	outputstart = 0 s
	stop = 2e-007 s
	step = 2e-010 s
	maxstep = 1e-010 s
	skipdc = no
	reltol = 0.001
	abstol(I) = 1e-012
	abstol(V) = 1e-006
	temp = 27 C
	tnom = 27 C
	method = trap
	lteratio = 3.5
	gmin = 1e-012
	fast_spice = 0

Operating point calculation started...
Total time required for op. point calculation 0s  (CPU time 0.008s).

Transient analysis started...

tran: time = 0s.                                                     (14:40:33)
tran: time = 2e-008s.                                                (14:40:33)
tran: time = 4e-008s.                                                (14:40:33)
tran: time = 6e-008s.                                                (14:40:33)
tran: time = 8e-008s.                                                (14:40:35)
tran: time = 1e-007s.                                                (14:40:36)
tran: time = 1.2e-007s.                                              (14:40:36)
tran: time = 1.4e-007s.                                              (14:40:36)
tran: time = 1.6e-007s.                                              (14:40:36)
tran: time = 1.8e-007s.                                              (14:40:36)
tran: time = 2e-007s.                                                (14:40:36)
Number of tran steps = 2840

Simulation finished:	14.40.36   14/02/2026.

Simulation time summary:
Operating point = 0s  (CPU time 0.008s)
Transient analysis = 3s  (CPU time 3.332s)


Job ended at	14.40.36   14/02/2026.

Job time summary:
Total time used = 5s  (CPU time 4.717s)
