
***** SymSpice --- v2.4.0.0528 *****

Job started at	01.22.14   23/02/2026.

Loading file: 'E:\Symica Free\share\spice.ini'. Please wait...       (01:22:15)
Loading file: 'E:\WORCK\LR_2_SH\simulation\tb_zd_vdva\netlistLR_2_SH_NID'. Please wait...                                                            (01:22:15)
Loading file: 'E:\Symica Free\lib\models\mos.lib'. Please wait...    (01:22:15)
Loading file: 'E:\WORCK\LR_2_SH\simulation\tb_zd_vdva\netlistLR_2_SH_NID'. Please wait...                                                            (01:22:15)

Netlist summary (root)                                              (01:22:15)

  Nodes   	134
  Elements	282
  _warning_: Multithreading is not available in Free Edition. "multithread" set to 1

Multithreading
	Number of used threads		: 1
	Maximum number of threads	: 12

Start creating models...


Circuit summary
	Equations : 137
	Elements  : 282

	Type info
	      Vdc : 2    
	   Vpulse : 2    
	    BSIM3 : 278   (part types : 2)

Total time of model creation: 0s  (CPU time 0.268s).

SymProbe interprocess communication initialization... DONE
SymProbe run... DONE
SymProbe setup connection... DONE
----------------------------------------------

Simulation started:	01.22.16   23/02/2026.

Parameter values:
	start = 0 s
	outputstart = 0 s
	stop = 1e-006 s
	step = 1e-009 s
	maxstep = 1e-010 s
	skipdc = no
	reltol = 0.001
	abstol(I) = 1e-012
	abstol(V) = 1e-006
	temp = 27 C
	tnom = 27 C
	method = trap
	lteratio = 3.5
	gmin = 1e-012
	fast_spice = 0

Operating point calculation started...
Total time required for op. point calculation 0s  (CPU time 0.056s).

Transient analysis started...

tran: time = 0s.                                                     (01:22:18)
tran: time = 1e-007s.                                                (01:22:19)
tran: time = 2e-007s.                                                (01:22:22)
tran: time = 3e-007s.                                                (01:22:23)
tran: time = 4e-007s.                                                (01:22:24)
tran: time = 5e-007s.                                                (01:22:25)
tran: time = 6e-007s.                                                (01:22:25)
tran: time = 7e-007s.                                                (01:22:26)
tran: time = 8e-007s.                                                (01:22:27)
tran: time = 9e-007s.                                                (01:22:28)
tran: time = 1e-006s.                                                (01:22:28)
Number of tran steps = 11204

Simulation finished:	01.22.28   23/02/2026.

Simulation time summary:
Operating point = 0s  (CPU time 0.056s)
Transient analysis = 10s  (CPU time 9.914s)


Job ended at	01.22.28   23/02/2026.

Job time summary:
Total time used = 14s  (CPU time 13.934s)
