
***** SymSpice --- v2.4.0.0528 *****

Job started at	14.57.20   14/02/2026.

Loading file: 'E:\Symica Free\share\spice.ini'. Please wait...       (14:57:21)
Loading file: 'E:\WORCK\LR_2_SH\simulation\tb_reverse_cnt\netlistLR_2_SH_NID'. Please wait...                                                        (14:57:21)
Loading file: 'E:\Symica Free\lib\models\mos.lib'. Please wait...    (14:57:21)
Loading file: 'E:\WORCK\LR_2_SH\simulation\tb_reverse_cnt\netlistLR_2_SH_NID'. Please wait...                                                        (14:57:21)

Netlist summary (root)                                              (14:57:21)

  Nodes   	48
  Elements	110
  _warning_: Multithreading is not available in Free Edition. "multithread" set to 1

Multithreading
	Number of used threads		: 1
	Maximum number of threads	: 12

Start creating models...


Circuit summary
	Equations : 51
	Elements  : 110

	Type info
	      Vdc : 1    
	   Vpulse : 3    
	Capacitor : 4     (part types : 1)
	    BSIM3 : 102   (part types : 2)

Total time of model creation: 0s  (CPU time 0.035s).

SymProbe interprocess communication initialization... DONE
SymProbe run... DONE
SymProbe setup connection... DONE
----------------------------------------------

Simulation started:	14.57.21   14/02/2026.

Parameter values:
	start = 0 s
	outputstart = 0 s
	stop = 8e-007 s
	step = 8e-010 s
	maxstep = 1e-010 s
	skipdc = no
	reltol = 0.001
	abstol(I) = 1e-012
	abstol(V) = 1e-006
	temp = 27 C
	tnom = 27 C
	method = trap
	lteratio = 3.5
	gmin = 1e-012
	fast_spice = 0

Operating point calculation started...
Total time required for op. point calculation 0s  (CPU time 0.006s).

Transient analysis started...

tran: time = 0s.                                                     (14:57:21)
tran: time = 8e-008s.                                                (14:57:21)
tran: time = 1.6e-007s.                                              (14:57:22)
tran: time = 2.4e-007s.                                              (14:57:22)
tran: time = 3.2e-007s.                                              (14:57:22)
tran: time = 4e-007s.                                                (14:57:22)
tran: time = 4.8e-007s.                                              (14:57:23)
tran: time = 5.6e-007s.                                              (14:57:23)
tran: time = 6.4e-007s.                                              (14:57:23)
tran: time = 7.2e-007s.                                              (14:57:23)
tran: time = 8e-007s.                                                (14:57:24)
Number of tran steps = 9698

Simulation finished:	14.57.24   14/02/2026.

Simulation time summary:
Operating point = 0s  (CPU time 0.006s)
Transient analysis = 3s  (CPU time 2.490s)


Job ended at	14.57.24   14/02/2026.

Job time summary:
Total time used = 4s  (CPU time 3.556s)
